// Jest Snapshot v1, https://goo.gl/fbAQLP

exports[`Pruebas en el componente <AddCategory /> Debe mostrar el componente correctamente 1`] = `
<form
  onSubmit={[Function]}
>
  <input
    className="mb-2"
    onChange={[Function]}
    type="text"
    value=""
  />
</form>
`;
